apples                              4.58
  1.99 * 2.300

Total:                              4.58