apples                             31.84
  1.99 * 16.000
5 for 6.99(apples)                 -7.48

Total:                             24.36