apples                             11.94
  1.99 * 6.000
5 for 6.99(apples)                 -1.56

Total:                             10.38