toothbrush                          0.99

Total:                              0.99