toothbrush                          0.99
toothbrush                          0.99
toothbrush                          0.99
toothbrush                          0.99
toothbrush                          0.99
3 for 2(toothbrush)               --0.33

Total:                              5.28