apples                              0.99
  1.99 * 0.500

Total:                              0.99