toothbrush                          2.97
  0.99 * 3
3 for 2 (toothbrush)               -0.99

Total:                              1.98
