toothbrush                          0.99
toothbrush                          0.99

Total:                              1.98
