apples                              4.97
  1.99 * 2.500

Total:                              4.97
