toothbrush                          1.98
  0.99 * 2

Total:                              1.98