3 for 2(apples)                    -0.99

Total:                             -0.99