toothbrush                          0.99
rice                                2.99

Total:                              3.98