apples                              1.00
  1.99 * 0.500

Total:                              1.00