cherry tomato box                   0.69
cherry tomato box                   0.69
2 for 0.99(cherry tomato box)      -0.39

Total:                              0.99