apples                             11.94
  1.99 * 6.000
5 for 5.99(apples)                 -3.96

Total:                              7.98