cherry tomato box                   3.45
  0.69 * 5
5 for 4.0(cherry tomato box)      --0.55

Total:                              4.00