apples                             31.84
  1.99 * 16.000
5 for 7.99(apples)                 -5.88

Total:                             25.96