cherry tomato box                   0.69
cherry tomato box                   0.69
2 for 1.0(cherry tomato box)       -0.38

Total:                              1.00