rice                                8.97
  2.99 * 3
3 for 2(rice)                      -2.99

Total:                              5.98