apples                             11.94
  1.99 * 6.000
5 for 6.99(apples)                 -2.96

Total:                              8.98