toothbrush                          1.98
apples                              1.49
  1.99 * 0.750

Total:                              3.47