apples                             31.84
  1.99 * 16.000
5 for 6.99(apples)                 -8.88

Total:                             22.96