rice                                2.99
10% off(rice)                      -0.30

Total:                              2.69