apples                              9.95
  1.99 * 5.000
5 for 6.99(apples)                 -2.96

Total:                              6.99